Written to cout: Unsupported SAM header tag in @HD: pb
Written to file: Unsupported SAM header tag in @HD: pb
